[themes.3rdwavemedia.com/devcard/bs5/index.html]
[backblue.gif]
[fade.gif]
[index.html]
[themes.3rdwavemedia.com/devcard/bs5/favicon.ico]
[themes.3rdwavemedia.com/devcard/bs5/assets/fontawesome/js/all.js]
[themes.3rdwavemedia.com/devcard/bs5/assets/plugins/tiny-slider/tiny-slider.css]
[themes.3rdwavemedia.com/devcard/bs5/assets/css/theme-1.css]
[themes.3rdwavemedia.com/devcard/bs5/assets/images/profile.png]
[themes.3rdwavemedia.com/devcard/bs5/portfolio.html]
[themes.3rdwavemedia.com/devcard/bs5/services.html]
[themes.3rdwavemedia.com/devcard/bs5/resume.html]
[themes.3rdwavemedia.com/devcard/bs5/blog-home.html]
[themes.3rdwavemedia.com/devcard/bs5/contact.html]
[themes.3rdwavemedia.com/devcard/bs5/project.html]
[themes.3rdwavemedia.com/devcard/bs5/blog-home-alt.html]
[themes.3rdwavemedia.com/devcard/bs5/blog-post.html]
[themes.3rdwavemedia.com/devcard/bs5/assets/images/profile-lg.jpg]
[themes.3rdwavemedia.com/devcard/bs5/assets/images/clients/profile-1.png]
[themes.3rdwavemedia.com/devcard/bs5/assets/images/clients/profile-2.png]
[themes.3rdwavemedia.com/devcard/bs5/assets/images/clients/profile-3.png]
[themes.3rdwavemedia.com/devcard/bs5/assets/images/clients/profile-4.png]
[themes.3rdwavemedia.com/devcard/bs5/assets/images/clients/profile-5.png]
[themes.3rdwavemedia.com/devcard/bs5/assets/images/clients/profile-6.png]
[themes.3rdwavemedia.com/devcard/bs5/assets/images/project/project-1.jpg]
[themes.3rdwavemedia.com/devcard/bs5/assets/images/project/project-2.jpg]
[themes.3rdwavemedia.com/devcard/bs5/assets/images/project/project-3.jpg]
[themes.3rdwavemedia.com/devcard/bs5/assets/images/project/project-4.jpg]
[themes.3rdwavemedia.com/devcard/bs5/assets/images/blog/blog-post-thumb-card-1.jpg]
[themes.3rdwavemedia.com/devcard/bs5/assets/images/blog/blog-post-thumb-card-2.jpg]
[themes.3rdwavemedia.com/devcard/bs5/assets/images/blog/blog-post-thumb-card-3.jpg]
[themes.3rdwavemedia.com/devcard/bs5/assets/plugins/popper.min.js]
[themes.3rdwavemedia.com/devcard/bs5/assets/plugins/bootstrap/js/bootstrap.min.js]
[themes.3rdwavemedia.com/devcard/bs5/assets/plugins/tiny-slider/min/tiny-slider.js]
[themes.3rdwavemedia.com/devcard/bs5/assets/js/testimonials.js]
[themes.3rdwavemedia.com/devcard/bs5/assets/js/demo/style-switcher.js]
[themes.3rdwavemedia.com/devcard/bs5/assets/plugins/js-cookie.min.js]
[themes.3rdwavemedia.com/devcard/bs5/assets/js/dark-mode.js]
[themes.3rdwavemedia.com/devcard/bs5/index.html]
[themes.3rdwavemedia.com/devcard/bs5/assets/plugins/tiny-slider/tiny-slider.css]
[themes.3rdwavemedia.com/devcard/bs5/assets/css/theme-1.css]
[themes.3rdwavemedia.com/devcard/bs5/assets/images/project/project-5.jpg]
[themes.3rdwavemedia.com/devcard/bs5/assets/images/project/project-6.jpg]
[themes.3rdwavemedia.com/devcard/bs5/assets/images/project/project-7.jpg]
[themes.3rdwavemedia.com/devcard/bs5/assets/images/project/project-8.jpg]
[themes.3rdwavemedia.com/devcard/bs5/assets/plugins/imagesloaded.pkgd.min.js]
[themes.3rdwavemedia.com/devcard/bs5/assets/plugins/isotope.pkgd.min.js]
[themes.3rdwavemedia.com/devcard/bs5/assets/js/isotope-custom.js]
[themes.3rdwavemedia.com/devcard/bs5/portfolio.html]
[themes.3rdwavemedia.com/devcard/bs5/assets/js/pricing.js]
[themes.3rdwavemedia.com/devcard/bs5/services.html]
[themes.3rdwavemedia.com/devcard/bs5/assets/images/resume-profile.png]
[themes.3rdwavemedia.com/devcard/bs5/resume.html]
[themes.3rdwavemedia.com/devcard/bs5/assets/images/blog/blog-post-thumb-card-4.jpg]
[themes.3rdwavemedia.com/devcard/bs5/assets/images/blog/blog-post-thumb-card-5.jpg]
[themes.3rdwavemedia.com/devcard/bs5/assets/images/blog/blog-post-thumb-card-6.jpg]
[themes.3rdwavemedia.com/devcard/bs5/blog-home.html]
[themes.3rdwavemedia.com/devcard/bs5/contact.html]
[themes.3rdwavemedia.com/devcard/bs5/assets/images/project/project-figure-1.jpg]
[themes.3rdwavemedia.com/devcard/bs5/assets/images/project/project-figure-2.jpg]
[themes.3rdwavemedia.com/devcard/bs5/project.html]
[themes.3rdwavemedia.com/devcard/bs5/assets/images/blog/blog-post-thumb-1.jpg]
[themes.3rdwavemedia.com/devcard/bs5/assets/images/blog/blog-post-thumb-2.jpg]
[themes.3rdwavemedia.com/devcard/bs5/assets/images/blog/blog-post-thumb-3.jpg]
[themes.3rdwavemedia.com/devcard/bs5/assets/images/blog/blog-post-thumb-4.jpg]
[themes.3rdwavemedia.com/devcard/bs5/assets/images/blog/blog-post-thumb-5.jpg]
[themes.3rdwavemedia.com/devcard/bs5/assets/images/blog/blog-post-thumb-6.jpg]
[themes.3rdwavemedia.com/devcard/bs5/blog-home-alt.html]
[themes.3rdwavemedia.com/devcard/bs5/assets/plugins/highlight/styles/monokai-sublime.min.css]
[themes.3rdwavemedia.com/devcard/bs5/assets/images/blog/blog-post-banner.jpg]
[platform.twitter.com/widgets.js]
[3wmthemes.disqus.com/embed.js]
[themes.3rdwavemedia.com/devcard/bs5/assets/images/promo-banner.jpg]
[cdnjs.cloudflare.com/ajax/libs/highlight.js/11.5.1/highlight.min.js]
[themes.3rdwavemedia.com/devcard/bs5/assets/js/blog.js]
[themes.3rdwavemedia.com/devcard/bs5/blog-post.html]
[themes.3rdwavemedia.com/devcard/bs5/assets/plugins/highlight/styles/monokai-sublime.min.css]
